main.c:99:6:Delay_us	16	static
main.c:107:6:lcd_send_cmd	32	static,ignoring_inline_asm
main.c:122:6:lcd_send_data	32	static,ignoring_inline_asm
main.c:143:6:loadingScreen	104	static
main.c:188:6:lcd_init	8	static
main.c:218:6:lcd_send_string	16	static
main.c:223:6:Set_Pin_Output	40	static
main.c:233:6:Set_Pin_Input	40	static
main.c:244:5:DS18B20_Start	16	static
main.c:262:6:DS18B20_Write	24	static
main.c:296:9:DS18B20_Read	16	static
main.c:321:6:prepareTemperature	8	static
main.c:329:6:readTemperature	8	static
main.c:344:6:updateScreen	8	static
main.c:361:6:HAL_TIM_PeriodElapsedCallback	16	static
main.c:369:6:checkKeyboard	8	static
main.c:530:6:HAL_GPIO_EXTI_Callback	16	static
main.c:558:6:updateCursor	8	static
main.c:600:6:controlRelay	4	static
main.c:648:6:prepareStrings	32	static
main.c:673:6:updateVariables	4	static
main.c:695:5:main	8	static
main.c:764:6:SystemClock_Config	184	static
main.c:830:13:MX_I2C1_Init	8	static
main.c:876:13:MX_IWDG_Init	8	static
main.c:905:13:MX_TIM1_Init	40	static
main.c:952:13:MX_TIM2_Init	40	static
main.c:997:13:MX_USART2_UART_Init	8	static
main.c:1032:13:MX_GPIO_Init	40	static
main.c:1089:6:Error_Handler	4	static
